Component: ARM Compiler 5.06 update 5 (build 528) Tool: armlink [4d35e2]

==============================================================================

Section Cross References

    main.o(i.main) refers to _printf_percent.o(.ARM.Collect$$_printf_percent$$00000000) for _printf_percent
    main.o(i.main) refers to _printf_f.o(.ARM.Collect$$_printf_percent$$00000003) for _printf_f
    main.o(i.main) refers to _printf_s.o(.ARM.Collect$$_printf_percent$$00000014) for _printf_s
    main.o(i.main) refers to printf1.o(x$fpl$printf1) for _printf_fp_dec
    main.o(i.main) refers to _printf_str.o(.text) for _printf_str
    main.o(i.main) refers to scanf1.o(x$fpl$scanf1) for _scanf_real
    main.o(i.main) refers to uart.o(i.Init_UART0) for Init_UART0
    main.o(i.main) refers to leds.o(i.Init_RGB_LEDs) for Init_RGB_LEDs
    main.o(i.main) refers to leds.o(i.Control_RGB_LEDs) for Control_RGB_LEDs
    main.o(i.main) refers to noretval__2printf.o(.text) for __2printf
    main.o(i.main) refers to geometry.o(i.Find_Waypoint_Nearest_To_Track) for Find_Waypoint_Nearest_To_Track
    main.o(i.main) refers to faddsub.o(x$fpl$fadd) for __aeabi_fadd
    main.o(i.main) refers to f2d.o(.text) for __aeabi_f2d
    main.o(i.main) refers to __0scanf.o(.text) for __0scanf
    uart.o(i.Get_Rx_Char) refers to queue.o(i.Q_Dequeue) for Q_Dequeue
    uart.o(i.Get_Rx_Char) refers to uart.o(.bss) for .bss
    uart.o(i.Init_UART0) refers to dflti.o(.text) for __aeabi_ui2d
    uart.o(i.Init_UART0) refers to ddiv.o(.text) for __aeabi_ddiv
    uart.o(i.Init_UART0) refers to dfixui.o(.text) for __aeabi_d2uiz
    uart.o(i.Rx_Chars_Available) refers to queue.o(i.Q_Size) for Q_Size
    uart.o(i.Rx_Chars_Available) refers to uart.o(.bss) for .bss
    uart.o(i.Send_String) refers to queue.o(i.Q_Full) for Q_Full
    uart.o(i.Send_String) refers to queue.o(i.Q_Enqueue) for Q_Enqueue
    uart.o(i.Send_String) refers to queue.o(i.Q_Dequeue) for Q_Dequeue
    uart.o(i.Send_String) refers to uart.o(.bss) for .bss
    uart.o(i.UART0_IRQHandler) refers to queue.o(i.Q_Full) for Q_Full
    uart.o(i.UART0_IRQHandler) refers to queue.o(i.Q_Enqueue) for Q_Enqueue
    uart.o(i.UART0_IRQHandler) refers to queue.o(i.Q_Empty) for Q_Empty
    uart.o(i.UART0_IRQHandler) refers to queue.o(i.Q_Dequeue) for Q_Dequeue
    uart.o(i.UART0_IRQHandler) refers to uart.o(.bss) for .bss
    geometry.o(i.Calc_Bearing) refers to faddsub.o(x$fpl$fsub) for __aeabi_fsub
    geometry.o(i.Calc_Bearing) refers to cosf.o(i.cosf) for cosf
    geometry.o(i.Calc_Bearing) refers to fmul.o(x$fpl$fmul) for __aeabi_fmul
    geometry.o(i.Calc_Bearing) refers to sinf.o(i.sinf) for sinf
    geometry.o(i.Calc_Bearing) refers to atan2f.o(i.atan2f) for atan2f
    geometry.o(i.Calc_Crosstrack_Error) refers to geometry.o(i.Calc_Bearing) for Calc_Bearing
    geometry.o(i.Calc_Crosstrack_Error) refers to optimization_additions.o(i.Is_Point_Behind) for Is_Point_Behind
    geometry.o(i.Calc_Crosstrack_Error) refers to faddsub.o(x$fpl$fsub) for __aeabi_fsub
    geometry.o(i.Calc_Crosstrack_Error) refers to cosf.o(i.cosf) for cosf
    geometry.o(i.Calc_Crosstrack_Error) refers to fmul.o(x$fpl$fmul) for __aeabi_fmul
    geometry.o(i.Calc_Crosstrack_Error) refers to faddsub.o(x$fpl$fadd) for __aeabi_fadd
    geometry.o(i.Calc_Crosstrack_Error) refers to acosf.o(i.acosf) for acosf
    geometry.o(i.Calc_Crosstrack_Error) refers to sinf.o(i.sinf) for sinf
    geometry.o(i.Calc_Crosstrack_Error) refers to asinf.o(i.asinf) for asinf
    geometry.o(i.Calc_Distance) refers to faddsub.o(x$fpl$fsub) for __aeabi_fsub
    geometry.o(i.Calc_Distance) refers to cosf.o(i.cosf) for cosf
    geometry.o(i.Calc_Distance) refers to fmul.o(x$fpl$fmul) for __aeabi_fmul
    geometry.o(i.Calc_Distance) refers to faddsub.o(x$fpl$fadd) for __aeabi_fadd
    geometry.o(i.Calc_Distance) refers to acosf.o(i.acosf) for acosf
    geometry.o(i.Find_Nearest_Waypoint) refers to fmul.o(x$fpl$fmul) for __aeabi_fmul
    geometry.o(i.Find_Nearest_Waypoint) refers to sinf.o(i.sinf) for sinf
    geometry.o(i.Find_Nearest_Waypoint) refers to cosf.o(i.cosf) for cosf
    geometry.o(i.Find_Nearest_Waypoint) refers to geometry.o(i.__ARM_common_memcpy4_10) for __ARM_common_memcpy4_10
    geometry.o(i.Find_Nearest_Waypoint) refers to strcmpv6m.o(.text) for strcmp
    geometry.o(i.Find_Nearest_Waypoint) refers to faddsub.o(x$fpl$fsub) for __aeabi_fsub
    geometry.o(i.Find_Nearest_Waypoint) refers to faddsub.o(x$fpl$fadd) for __aeabi_fadd
    geometry.o(i.Find_Nearest_Waypoint) refers to acosf.o(i.acosf) for acosf
    geometry.o(i.Find_Nearest_Waypoint) refers to geometry.o(i.Calc_Bearing) for Calc_Bearing
    geometry.o(i.Find_Nearest_Waypoint) refers to flef.o(x$fpl$fleqf) for __aeabi_cfcmple
    geometry.o(i.Find_Nearest_Waypoint) refers to cman_coords2.o(.constdata) for waypoints
    geometry.o(i.Find_Waypoint_Nearest_To_Track) refers to fmul.o(x$fpl$fmul) for __aeabi_fmul
    geometry.o(i.Find_Waypoint_Nearest_To_Track) refers to sinf.o(i.sinf) for sinf
[...]
    ../clib/stdlib.c                         0x00000000   Number         0  exit.o ABSOLUTE
    ../fplib/cfplib/cmpret.c                 0x00000000   Number         0  cmpret.o ABSOLUTE
    ../fplib/cfplib/d2f.c                    0x00000000   Number         0  d2f.o ABSOLUTE
    ../fplib/cfplib/daddsub.c                0x00000000   Number         0  daddsub.o ABSOLUTE
    ../fplib/cfplib/dcmpin.c                 0x00000000   Number         0  dcmpin.o ABSOLUTE
    ../fplib/cfplib/ddiv.c                   0x00000000   Number         0  ddiv.o ABSOLUTE
    ../fplib/cfplib/dmul.c                   0x00000000   Number         0  dmul.o ABSOLUTE
    ../fplib/cfplib/f2d.c                    0x00000000   Number         0  f2d.o ABSOLUTE
    ../fplib/cfplib/fcmpin.c                 0x00000000   Number         0  fcmpin.o ABSOLUTE
    ../fplib/cfplib/fdiv.c                   0x00000000   Number         0  fdiv.o ABSOLUTE
    ../fplib/cfplib/ffix.c                   0x00000000   Number         0  ffixi.o ABSOLUTE
    ../fplib/cfplib/ffix.c                   0x00000000   Number         0  dfixui.o ABSOLUTE
    ../fplib/cfplib/fflt.c                   0x00000000   Number         0  dflti.o ABSOLUTE
    ../fplib/cfplib/fflt.c                   0x00000000   Number         0  fflti.o ABSOLUTE
    ../fplib/cfplib/fpinit.c                 0x00000000   Number         0  fpinit.o ABSOLUTE
    ../fplib/cfplib/frnd.c                   0x00000000   Number         0  frnd.o ABSOLUTE
    ../fplib/cfplib/fsqrt.c                  0x00000000   Number         0  fsqrt.o ABSOLUTE
    ../fplib/cfplib/ieee_status.c            0x00000000   Number         0  ieee_status.o ABSOLUTE
    ../fplib/cfplib/nan2.c                   0x00000000   Number         0  fnan2.o ABSOLUTE
    ../fplib/cfplib/nan2.c                   0x00000000   Number         0  dnan2.o ABSOLUTE
    ../fplib/cfplib/retnan.c                 0x00000000   Number         0  retnan.o ABSOLUTE
    ../fplib/cfplib/scalbn.c                 0x00000000   Number         0  fscalbn.o ABSOLUTE
    ../fplib/cfplib/scalbn.c                 0x00000000   Number         0  dscalbn.o ABSOLUTE
    ../fplib/deqf6m.s                        0x00000000   Number         0  deqf.o ABSOLUTE
    ../fplib/drleqf6m.s                      0x00000000   Number         0  drlef.o ABSOLUTE
    ../fplib/faddsub6m.s                     0x00000000   Number         0  faddsub.o ABSOLUTE
    ../fplib/fleqf6m.s                       0x00000000   Number         0  flef.o ABSOLUTE
    ../fplib/fmul6m.s                        0x00000000   Number         0  fmul.o ABSOLUTE
    ../fplib/fpconst.s                       0x00000000   Number         0  fpconst.o ABSOLUTE
    ../fplib/printf1.s                       0x00000000   Number         0  printf1.o ABSOLUTE
    ../fplib/scanf1.s                        0x00000000   Number         0  scanf1.o ABSOLUTE
    ../fplib/scanf2.s                        0x00000000   Number         0  scanf2.o ABSOLUTE
    ../fplib/scanf2a.s                       0x00000000   Number         0  scanf2a.o ABSOLUTE
    ../fplib/scanf2b.s                       0x00000000   Number         0  scanf2b.o ABSOLUTE
    ../fplib/usenofp.s                       0x00000000   Number         0  usenofp.o ABSOLUTE
    ../mathlib/acosf.c                       0x00000000   Number         0  acosf.o ABSOLUTE
    ../mathlib/acosf.c                       0x00000000   Number         0  acosf_x.o ABSOLUTE
    ../mathlib/asinf.c                       0x00000000   Number         0  asinf_x.o ABSOLUTE
    ../mathlib/asinf.c                       0x00000000   Number         0  asinf.o ABSOLUTE
    ../mathlib/atan2f.c                      0x00000000   Number         0  atan2f_x.o ABSOLUTE
    ../mathlib/atan2f.c                      0x00000000   Number         0  atan2f.o ABSOLUTE
    ../mathlib/cosf.c                        0x00000000   Number         0  cosf_x.o ABSOLUTE
    ../mathlib/cosf.c                        0x00000000   Number         0  cosf.o ABSOLUTE
    ../mathlib/dunder.c                      0x00000000   Number         0  dunder.o ABSOLUTE
    ../mathlib/fpclassify.c                  0x00000000   Number         0  fpclassify.o ABSOLUTE
    ../mathlib/fpclassifyf.c                 0x00000000   Number         0  fpclassifyf.o ABSOLUTE
    ../mathlib/frexp.c                       0x00000000   Number         0  frexp.o ABSOLUTE
    ../mathlib/funder.c                      0x00000000   Number         0  funder.o ABSOLUTE
    ../mathlib/ldexp.c                       0x00000000   Number         0  ldexp.o ABSOLUTE
    ../mathlib/ldexp.c                       0x00000000   Number         0  ldexp_x.o ABSOLUTE
    ../mathlib/narrow.c                      0x00000000   Number         0  narrow.o ABSOLUTE
    ../mathlib/qnan.c                        0x00000000   Number         0  qnan.o ABSOLUTE
    ../mathlib/rredf.c                       0x00000000   Number         0  rredf.o ABSOLUTE
    ../mathlib/sinf.c                        0x00000000   Number         0  sinf.o ABSOLUTE
    ../mathlib/sinf.c                        0x00000000   Number         0  sinf_x.o ABSOLUTE
    ../mathlib/sqrtf.c                       0x00000000   Number         0  sqrtf.o ABSOLUTE
    ../mathlib/sqrtf.c                       0x00000000   Number         0  sqrtf_x.o ABSOLUTE
    Profiler\PIT.c                           0x00000000   Number         0  pit.o ABSOLUTE
    Profiler\\PIT.c                          0x00000000   Number         0  pit.o ABSOLUTE
    Profiler\\profile.c                      0x00000000   Number         0  profile.o ABSOLUTE
    Profiler\profile.c                       0x00000000   Number         0  profile.o ABSOLUTE
    Profiler\region.c                        0x00000000   Number         0  region.o ABSOLUTE
    RTE\Device\MKL25Z128xxx4\startup_MKL25Z4.s 0x00000000   Number         0  startup_mkl25z4.o ABSOLUTE
    RTE\Device\MKL25Z128xxx4\system_MKL25Z4.c 0x00000000   Number         0  system_mkl25z4.o ABSOLUTE
    RTE\\Device\\MKL25Z128xxx4\\system_MKL25Z4.c 0x00000000   Number         0  system_mkl25z4.o ABSOLUTE
    Source\CMAN_coords.c                     0x00000000   Number         0  cman_coords.o ABSOLUTE
    Source\CMAN_coords2.c                    0x00000000   Number         0  cman_coords2.o ABSOLUTE
    Source\Geometry.c                        0x00000000   Number         0  geometry.o ABSOLUTE
    Source\LEDs.c                            0x00000000   Number         0  leds.o ABSOLUTE
    Source\Optimization_Additions.c          0x00000000   Number         0  optimization_additions.o ABSOLUTE
    Source\UART.c                            0x00000000   Number         0  uart.o ABSOLUTE
    Source\\LEDs.c                           0x00000000   Number         0  leds.o ABSOLUTE
    Source\\UART.c                           0x00000000   Number         0  uart.o ABSOLUTE
    Source\\delay.c                          0x00000000   Number         0  delay.o ABSOLUTE
    Source\\main.c                           0x00000000   Number         0  main.o ABSOLUTE
    Source\\queue.c                          0x00000000   Number         0  queue.o ABSOLUTE
    Source\delay.c                           0x00000000   Number         0  delay.o ABSOLUTE
    Source\main.c                            0x00000000   Number         0  main.o ABSOLUTE
    Source\queue.c                           0x00000000   Number         0  queue.o ABSOLUTE
    dc.s                                     0x00000000   Number         0  dc.o ABSOLUTE
    !!!main                                  0x000000c0   Section        8  __main.o(!!!main)
    !!!scatter                               0x000000c8   Section       60  __scatter.o(!!!scatter)
    !!handler_copy                           0x00000104   Section       26  __scatter_copy.o(!!handler_copy)
    !!handler_zi                             0x00000120   Section       28  __scatter_zi.o(!!handler_zi)
    .ARM.Collect$$_printf_percent$$00000000  0x0000013c   Section        2  _printf_percent.o(.ARM.Collect$$_printf_percent$$00000000)
    .ARM.Collect$$_printf_percent$$00000003  0x0000013e   Section       10  _printf_f.o(.ARM.Collect$$_printf_percent$$00000003)
    .ARM.Collect$$_printf_percent$$00000014  0x00000148   Section       10  _printf_s.o(.ARM.Collect$$_printf_percent$$00000014)
    .ARM.Collect$$_printf_percent$$00000017  0x00000152   Section        4  _printf_percent_end.o(.ARM.Collect$$_printf_percent$$00000017)
    .ARM.Collect$$libinit$$00000000          0x00000156   Section        2  libinit.o(.ARM.Collect$$libinit$$00000000)
    .ARM.Collect$$libinit$$00000002          0x00000158   Section        0  libinit2.o(.ARM.Collect$$libinit$$00000002)
    .ARM.Collect$$libinit$$00000004          0x00000158   Section        0  libinit2.o(.ARM.Collect$$libinit$$00000004)
    .ARM.Collect$$libinit$$0000000A          0x00000158   Section        0  libinit2.o(.ARM.Collect$$libinit$$0000000A)
    .ARM.Collect$$libinit$$0000000C          0x00000158   Section        0  libinit2.o(.ARM.Collect$$libinit$$0000000C)
    .ARM.Collect$$libinit$$0000000E          0x00000158   Section        0  libinit2.o(.ARM.Collect$$libinit$$0000000E)
    .ARM.Collect$$libinit$$0000000F          0x00000158   Section        6  libinit2.o(.ARM.Collect$$libinit$$0000000F)
    .ARM.Collect$$libinit$$00000011          0x0000015e   Section        0  libinit2.o(.ARM.Collect$$libinit$$00000011)
    .ARM.Collect$$libinit$$00000012          0x0000015e   Section       12  libinit2.o(.ARM.Collect$$libinit$$00000012)
    .ARM.Collect$$libinit$$00000013          0x0000016a   Section        0  libinit2.o(.ARM.Collect$$libinit$$00000013)
    .ARM.Collect$$libinit$$00000015          0x0000016a   Section        0  libinit2.o(.ARM.Collect$$libinit$$00000015)
    .ARM.Collect$$libinit$$00000016          0x0000016a   Section       10  libinit2.o(.ARM.Collect$$libinit$$00000016)
    .ARM.Collect$$libinit$$00000017          0x00000174   Section        0  libinit2.o(.ARM.Collect$$libinit$$00000017)
    .ARM.Collect$$libinit$$00000019          0x00000174   Section        0  libinit2.o(.ARM.Collect$$libinit$$00000019)
    .ARM.Collect$$libinit$$0000001B          0x00000174   Section        0  libinit2.o(.ARM.Collect$$libinit$$0000001B)
    .ARM.Collect$$libinit$$0000001D          0x00000174   Section        0  libinit2.o(.ARM.Collect$$libinit$$0000001D)
    .ARM.Collect$$libinit$$0000001F          0x00000174   Section        0  libinit2.o(.ARM.Collect$$libinit$$0000001F)
    .ARM.Collect$$libinit$$00000021          0x00000174   Section        0  libinit2.o(.ARM.Collect$$libinit$$00000021)
    .ARM.Collect$$libinit$$00000023          0x00000174   Section        0  libinit2.o(.ARM.Collect$$libinit$$00000023)
    .ARM.Collect$$libinit$$00000025          0x00000174   Section        0  libinit2.o(.ARM.Collect$$libinit$$00000025)
    .ARM.Collect$$libinit$$0000002C          0x00000174   Section        0  libinit2.o(.ARM.Collect$$libinit$$0000002C)
    .ARM.Collect$$libinit$$0000002E          0x00000174   Section        0  libinit2.o(.ARM.Collect$$libinit$$0000002E)
    .ARM.Collect$$libinit$$00000030          0x00000174   Section        0  libinit2.o(.ARM.Collect$$libinit$$00000030)
    .ARM.Collect$$libinit$$00000032          0x00000174   Section        0  libinit2.o(.ARM.Collect$$libinit$$00000032)
    .ARM.Collect$$libinit$$00000033          0x00000174   Section        2  libinit2.o(.ARM.Collect$$libinit$$00000033)
    .ARM.Collect$$libshutdown$$00000000      0x00000176   Section        2  libshutdown.o(.ARM.Collect$$libshutdown$$00000000)
    .ARM.Collect$$libshutdown$$00000002      0x00000178   Section        0  libshutdown2.o(.ARM.Collect$$libshutdown$$00000002)
    .ARM.Collect$$libshutdown$$00000004      0x00000178   Section        0  libshutdown2.o(.ARM.Collect$$libshutdown$$00000004)
    .ARM.Collect$$libshutdown$$00000007      0x00000178   Section        0  libshutdown2.o(.ARM.Collect$$libshutdown$$00000007)
    .ARM.Collect$$libshutdown$$0000000A      0x00000178   Section        0  libshutdown2.o(.ARM.Collect$$libshutdown$$0000000A)
    .ARM.Collect$$libshutdown$$0000000C      0x00000178   Section        0  libshutdown2.o(.ARM.Collect$$libshutdown$$0000000C)
    .ARM.Collect$$libshutdown$$0000000F      0x00000178   Section        0  libshutdown2.o(.ARM.Collect$$libshutdown$$0000000F)
    .ARM.Collect$$libshutdown$$00000010      0x00000178   Section        2  libshutdown2.o(.ARM.Collect$$libshutdown$$00000010)
    .ARM.Collect$$rtentry$$00000000          0x0000017a   Section        0  __rtentry.o(.ARM.Collect$$rtentry$$00000000)
    .ARM.Collect$$rtentry$$00000002          0x0000017a   Section        0  __rtentry2.o(.ARM.Collect$$rtentry$$00000002)
    .ARM.Collect$$rtentry$$00000004          0x0000017a   Section        6  __rtentry4.o(.ARM.Collect$$rtentry$$00000004)
    .ARM.Collect$$rtentry$$00000009          0x00000180   Section        0  __rtentry2.o(.ARM.Collect$$rtentry$$00000009)
    .ARM.Collect$$rtentry$$0000000A          0x00000180   Section        4  __rtentry2.o(.ARM.Collect$$rtentry$$0000000A)
    .ARM.Collect$$rtentry$$0000000C          0x00000184   Section        0  __rtentry2.o(.ARM.Collect$$rtentry$$0000000C)
    .ARM.Collect$$rtentry$$0000000D          0x00000184   Section        8  __rtentry2.o(.ARM.Collect$$rtentry$$0000000D)
    .ARM.Collect$$rtexit$$00000000           0x0000018c   Section        2  rtexit.o(.ARM.Collect$$rtexit$$00000000)
    .ARM.Collect$$rtexit$$00000002           0x0000018e   Section        0  rtexit2.o(.ARM.Collect$$rtexit$$00000002)
    .ARM.Collect$$rtexit$$00000003           0x0000018e   Section        4  rtexit2.o(.ARM.Collect$$rtexit$$00000003)
    .ARM.Collect$$rtexit$$00000004           0x00000192   Section        6  rtexit2.o(.ARM.Collect$$rtexit$$00000004)
    .text                                    0x00000198   Section       64  startup_mkl25z4.o(.text)
    .text                                    0x000001d8   Section        0  noretval__2printf.o(.text)
    .text                                    0x000001f4   Section        0  _printf_str.o(.text)
    .text                                    0x00000246   Section        0  __printf_wp.o(.text)
    .text                                    0x00000354   Section        0  __0scanf.o(.text)
    .text                                    0x00000374   Section        0  heapauxi.o(.text)
    .text                                    0x0000037c   Section        0  dfixui.o(.text)
    .text                                    0x000003c4   Section        0  _rserrno.o(.text)
    .text                                    0x000003dc   Section        0  scanf_char_file.o(.text)
    .text                                    0x000003f8   Section        8  rt_locale_intlibspace.o(.text)
    .ARM.__at_0x400                          0x00000400   Section       16  startup_mkl25z4.o(.ARM.__at_0x400)
    .text                                    0x00000410   Section      160  strcmpv6m.o(.text)
    .text                                    0x000004b0   Section      488  aeabi_sdivfast.o(.text)
    .text                                    0x00000698   Section        0  ddiv.o(.text)
    .text                                    0x00000ae0   Section        0  dflti.o(.text)
    .text                                    0x00000b38   Section        0  f2d.o(.text)
    .text                                    0x00000b8c   Section        0  fdiv.o(.text)
    .text                                    0x00000cec   Section        0  fscalbn.o(.text)
    .text                                    0x00000d30   Section        0  _printf_fp_dec.o(.text)
    _fp_digits                               0x00000d33   Thumb Code   412  _printf_fp_dec.o(.text)
    .text                                    0x00001148   Section        0  _printf_char.o(.text)
    .text                                    0x00001178   Section        0  _printf_char_file.o(.text)
    .text                                    0x000011a0   Section        0  scanf_fp.o(.text)
    _fp_value                                0x000011a1   Thumb Code   602  scanf_fp.o(.text)
    .text                                    0x000016c0   Section        0  rtudiv10.o(.text)
    .text                                    0x000016e8   Section        0  fcmpin.o(.text)
    .text                                    0x0000174c   Section        0  ffixi.o(.text)
    .text                                    0x00001798   Section        0  frnd.o(.text)
    .text                                    0x00001818   Section        8  rt_errno_addr_intlibspace.o(.text)
    .text                                    0x00001820   Section        0  llmul.o(.text)
    .text                                    0x00001850   Section        0  lludiv10.o(.text)
    .text                                    0x000018cc   Section        0  _printf_char_common.o(.text)
    _printf_input_char                       0x000018cd   Thumb Code    10  _printf_char_common.o(.text)
    .text                                    0x000018fc   Section        0  _printf_fp_infnan.o(.text)
    .text                                    0x00001984   Section        0  scanf_char.o(.text)
    _scanf_char_input                        0x00001985   Thumb Code    12  scanf_char.o(.text)
    .text                                    0x000019b4   Section        0  bigflt0.o(.text)
    .text                                    0x00001a8c   Section        0  btod.o(.text)
    btod_internal_mul                        0x00001acd   Thumb Code   492  btod.o(.text)
    btod_internal_div                        0x00001cb9   Thumb Code   520  btod.o(.text)
    .text                                    0x0000200c   Section        0  backspace.o(.text)
    .text                                    0x00002058   Section        0  ferror.o(.text)
    .text                                    0x00002060   Section        0  cmpret.o(.text)
    .text                                    0x0000208e   Section        0  fflti.o(.text)
    .text                                    0x000020ec   Section        0  fnan2.o(.text)
    .text                                    0x000020fc   Section        0  fsqrt.o(.text)
    .text                                    0x0000218c   Section        8  libspace.o(.text)
    .text                                    0x00002194   Section       62  sys_stackheap_outer.o(.text)
    .text                                    0x000021d2   Section        0  isspace.o(.text)
    .text                                    0x000021e4   Section        0  _scanf.o(.text)
    .text                                    0x00002564   Section        0  scanf_hexfp.o(.text)
    .text                                    0x00002898   Section        0  scanf_infnan.o(.text)
    .text                                    0x000029d4   Section        0  ungetc.o(.text)
    .text                                    0x00002a20   Section        0  exit.o(.text)
    .text                                    0x00002a30   Section        0  d2f.o(.text)
    .text                                    0x00002aac   Section        0  retnan.o(.text)
    .text                                    0x00002b0c   Section       16  rt_ctype_table.o(.text)
    .text                                    0x00002b1c   Section        0  llshl.o(.text)
    .text                                    0x00002b3c   Section        0  _chval.o(.text)
    .text                                    0x00002b5c   Section        0  dcmpin.o(.text)
    .text                                    0x00002bec   Section        0  dscalbn.o(.text)
    .text                                    0x00002c4c   Section        0  sys_exit.o(.text)
    .text                                    0x00002c58   Section        0  dnan2.o(.text)
    .text                                    0x00002c6c   Section        2  use_no_semi.o(.text)
    .text                                    0x00002c6e   Section        0  indicate_semi.o(.text)
    i.Approx_Crosstrack_Error                0x00002c70   Section        0  optimization_additions.o(i.Approx_Crosstrack_Error)
    i.Calc_Bearing                           0x00002de4   Section        0  geometry.o(i.Calc_Bearing)
    i.Calc_Crosstrack_Error                  0x00002e3c   Section        0  geometry.o(i.Calc_Crosstrack_Error)
    i.Control_RGB_LEDs                       0x00002edc   Section        0  leds.o(i.Control_RGB_LEDs)
    i.Find_Waypoint_Nearest_To_Track         0x00002f18   Section        0  geometry.o(i.Find_Waypoint_Nearest_To_Track)
    i.Init_RGB_LEDs                          0x00002fec   Section        0  leds.o(i.Init_RGB_LEDs)
    i.Init_UART0                             0x00003054   Section        0  uart.o(i.Init_UART0)
    i.Is_Point_Behind                        0x000030fc   Section        0  optimization_additions.o(i.Is_Point_Behind)
    i.PIT_IRQHandler                         0x00003138   Section        0  pit.o(i.PIT_IRQHandler)
    i.Process_Profile_Sample                 0x00003170   Section        0  profile.o(i.Process_Profile_Sample)
    i.Q_Dequeue                              0x000031e0   Section        0  queue.o(i.Q_Dequeue)
    i.Q_Empty                                0x0000321a   Section        0  queue.o(i.Q_Empty)
    i.Q_Enqueue                              0x00003228   Section        0  queue.o(i.Q_Enqueue)
    i.Q_Full                                 0x00003258   Section        0  queue.o(i.Q_Full)
    i.SystemInit                             0x00003268   Section        0  system_mkl25z4.o(i.SystemInit)
    i.UART0_IRQHandler                       0x00003350   Section        0  uart.o(i.UART0_IRQHandler)
    i.__ARM_common_ll_muluu                  0x000033b4   Section        0  btod.o(i.__ARM_common_ll_muluu)
    i.__ARM_common_memcpy4_10                0x000033e4   Section        0  geometry.o(i.__ARM_common_memcpy4_10)
    i.__ARM_fpclassify                       0x000033f4   Section        0  fpclassify.o(i.__ARM_fpclassify)
    i.__ARM_fpclassifyf                      0x00003420   Section        0  fpclassifyf.o(i.__ARM_fpclassifyf)
    i.__mathlib_dbl_overflow                 0x00003444   Section        0  dunder.o(i.__mathlib_dbl_overflow)
    i.__mathlib_dbl_underflow                0x00003458   Section        0  dunder.o(i.__mathlib_dbl_underflow)
    i.__mathlib_flt_infnan                   0x0000346c   Section        0  funder.o(i.__mathlib_flt_infnan)
    i.__mathlib_flt_infnan2                  0x00003476   Section        0  funder.o(i.__mathlib_flt_infnan2)
    i.__mathlib_flt_invalid                  0x0000347e   Section        0  funder.o(i.__mathlib_flt_invalid)
    i.__mathlib_flt_underflow                0x0000348a   Section        0  funder.o(i.__mathlib_flt_underflow)
    i.__mathlib_narrow                       0x00003498   Section        0  narrow.o(i.__mathlib_narrow)
    i.__mathlib_rredf2                       0x000034a8   Section        0  rredf.o(i.__mathlib_rredf2)
    i.__mathlib_tofloat                      0x00003628   Section        0  narrow.o(i.__mathlib_tofloat)
    i.__support_ldexp                        0x000036f0   Section        0  ldexp.o(i.__support_ldexp)
    i._is_digit                              0x00003704   Section        0  __printf_wp.o(i._is_digit)
    i.acosf                                  0x00003714   Section        0  acosf.o(i.acosf)
    i.asinf                                  0x00003820   Section        0  asinf.o(i.asinf)
    i.atan2f                                 0x00003938   Section        0  atan2f.o(i.atan2f)
    i.cosf                                   0x00003b94   Section        0  cosf.o(i.cosf)
    i.fgetc                                  0x00003d0c   Section        0  uart.o(i.fgetc)
    i.fputc                                  0x00003d1c   Section        0  uart.o(i.fputc)
    i.frexp                                  0x00003d34   Section        0  frexp.o(i.frexp)
    i.ldexp                                  0x00003d8c   Section        0  ldexp.o(i.ldexp)
    i.main                                   0x00003dfc   Section        0  main.o(i.main)
    i.sinf                                   0x00004110   Section        0  sinf.o(i.sinf)
    i.sinf_approx                            0x00004294   Section        0  optimization_additions.o(i.sinf_approx)
    i.sqrtf                                  0x000042dc   Section        0  sqrtf.o(i.sqrtf)
    locale$$code                             0x00004308   Section       44  lc_numeric_c.o(locale$$code)
    locale$$code                             0x00004334   Section       44  lc_ctype_c.o(locale$$code)
    x$fpl$deqf                               0x00004360   Section      100  deqf.o(x$fpl$deqf)
    x$fpl$drleqf                             0x000043c4   Section      104  drlef.o(x$fpl$drleqf)
    x$fpl$fadd                               0x0000442c   Section      140  faddsub.o(x$fpl$fadd)
    _fadd1                                   0x00004439   Thumb Code     0  faddsub.o(x$fpl$fadd)
    x$fpl$fleqf                              0x000044b8   Section       84  flef.o(x$fpl$fleqf)
    x$fpl$fmul                               0x0000450c   Section      176  fmul.o(x$fpl$fmul)
    x$fpl$frsb                               0x000045bc   Section       24  faddsub.o(x$fpl$frsb)
    x$fpl$fsub                               0x000045d4   Section      208  faddsub.o(x$fpl$fsub)
    _fsub1                                   0x000045e1   Thumb Code     0  faddsub.o(x$fpl$fsub)
    x$fpl$printf1                            0x000046a4   Section       16  printf1.o(x$fpl$printf1)
    x$fpl$scanf1                             0x000046b4   Section       16  scanf1.o(x$fpl$scanf1)
    x$fpl$scanf2                             0x000046c4   Section       32  scanf2.o(x$fpl$scanf2)
    .constdata                               0x000046e4   Section     6600  cman_coords2.o(.constdata)
    x$fpl$usenofp                            0x000046e4   Section        0  usenofp.o(x$fpl$usenofp)
    .constdata                               0x000060ac   Section     4672  region.o(.constdata)
    .constdata                               0x000072ec   Section        4  region.o(.constdata)
    .constdata                               0x000072f0   Section      128  ddiv.o(.constdata)
    ddiv_reciptbl                            0x000072f0   Data         128  ddiv.o(.constdata)
    .constdata                               0x00007370   Section       64  fdiv.o(.constdata)
    fdiv_tab                                 0x00007370   Data          64  fdiv.o(.constdata)
    .constdata                               0x000073b0   Section       32  rredf.o(.constdata)
    twooverpi                                0x000073b0   Data          32  rredf.o(.constdata)
    .constdata                               0x000073d0   Section      148  bigflt0.o(.constdata)
    tenpwrs_x                                0x000073d0   Data          60  bigflt0.o(.constdata)
    tenpwrs_i                                0x0000740c   Data          64  bigflt0.o(.constdata)
    c$$dinf                                  0x00007484   Section        8  fpconst.o(c$$dinf)
    c$$dmax                                  0x0000748c   Section        8  fpconst.o(c$$dmax)
    locale$$data                             0x00007494   Section       28  lc_numeric_c.o(locale$$data)
    __lcnum_c_name                           0x00007498   Data           2  lc_numeric_c.o(locale$$data)
    __lcnum_c_start                          0x000074a0   Data           0  lc_numeric_c.o(locale$$data)
    __lcnum_c_point                          0x000074ac   Data           0  lc_numeric_c.o(locale$$data)
    __lcnum_c_thousands                      0x000074ae   Data           0  lc_numeric_c.o(locale$$data)
    __lcnum_c_grouping                       0x000074af   Data           0  lc_numeric_c.o(locale$$data)
    locale$$data                             0x000074b0   Section      272  lc_ctype_c.o(locale$$data)
    __lcnum_c_end                            0x000074b0   Data           0  lc_numeric_c.o(locale$$data)
    __lcctype_c_name                         0x000074b4   Data           2  lc_ctype_c.o(locale$$data)
    __lcctype_c_start                        0x000074bc   Data           0  lc_ctype_c.o(locale$$data)
    __lcctype_c_end                          0x000075c0   Data           0  lc_ctype_c.o(locale$$data)
    .data                                    0x1ffff000   Section        4  uart.o(.data)
    .data                                    0x1ffff004   Section        4  uart.o(.data)
    .data                                    0x1ffff008   Section       20  profile.o(.data)
    .bss                                     0x1ffff01c   Section      536  uart.o(.bss)
    .bss                                     0x1ffff234   Section      584  region.o(.bss)
    .bss                                     0x1ffff47c   Section       96  libspace.o(.bss)
    HEAP                                     0x1ffff4e0   Section        0  startup_mkl25z4.o(HEAP)
    STACK                                    0x1ffff4e0   Section     1024  startup_mkl25z4.o(STACK)
    Heap_Mem                                 0x1ffff4e0   Data           0  startup_mkl25z4.o(HEAP)
    Stack_Mem                                0x1ffff4e0   Data        1024  startup_mkl25z4.o(STACK)
    __initial_sp                             0x1ffff8e0   Data           0  startup_mkl25z4.o(STACK)

    Global Symbols

    Symbol Name                              Value     Ov Type        Size  Object(Section)

    BuildAttributes$$THM_ISAv3M$S$PE$A:L22$X:L11$S22$IEEE1$IW$USESV6$~STKCKD$USESV7$~SHL$OTIME$ROPI$IEEEX$EBA8$UX$STANDARDLIB$REQ8$PRES8$EABIv2 0x00000000   Number         0  anon$$obj.o ABSOLUTE
    __ARM_use_no_argv                        0x00000000   Number         0  main.o ABSOLUTE
    __Vectors                                0x00000000   Data           4  startup_mkl25z4.o(RESET)
    _printf_flags                            0x00000000   Number         0  printf_stubs.o ABSOLUTE
    _printf_return_value                     0x00000000   Number         0  printf_stubs.o ABSOLUTE
    _printf_sizespec                         0x00000000   Number         0  printf_stubs.o ABSOLUTE
    _printf_widthprec                        0x00000000   Number         0  printf_stubs.o ABSOLUTE
    __ARM_exceptions_init                     - Undefined Weak Reference
    __alloca_initialize                       - Undefined Weak Reference
    __arm_preinit_                            - Undefined Weak Reference
    __cpp_initialize__aeabi_                  - Undefined Weak Reference
    __cxa_finalize                            - Undefined Weak Reference
    __sigvec_lookup                           - Undefined Weak Reference
    _atexit_init                              - Undefined Weak Reference
    _call_atexit_fns                          - Undefined Weak Reference
    _clock_init                               - Undefined Weak Reference
    _fp_trap_init                             - Undefined Weak Reference
    _fp_trap_shutdown                         - Undefined Weak Reference
    _get_lc_collate                           - Undefined Weak Reference
    _get_lc_monetary                          - Undefined Weak Reference
    _get_lc_time                              - Undefined Weak Reference
    _getenv_init                              - Undefined Weak Reference
    _handle_redirection                       - Undefined Weak Reference
    _init_alloc                               - Undefined Weak Reference
    _init_user_alloc                          - Undefined Weak Reference
    _initio                                   - Undefined Weak Reference
    _mutex_acquire                            - Undefined Weak Reference
    _mutex_release                            - Undefined Weak Reference
    _printf_mbtowc                            - Undefined Weak Reference
    _printf_post_padding                      - Undefined Weak Reference
    _printf_pre_padding                       - Undefined Weak Reference
    _printf_truncate_signed                   - Undefined Weak Reference
    _printf_truncate_unsigned                 - Undefined Weak Reference
    _rand_init                                - Undefined Weak Reference
    _scanf_int                                - Undefined Weak Reference
    _scanf_longlong                           - Undefined Weak Reference
    _scanf_mbtowc                             - Undefined Weak Reference
    _scanf_string                             - Undefined Weak Reference
    _scanf_wctomb                             - Undefined Weak Reference
    _scanf_wstring                            - Undefined Weak Reference
    _signal_finish                            - Undefined Weak Reference
    _signal_init                              - Undefined Weak Reference
    _terminate_alloc                          - Undefined Weak Reference
    _terminate_user_alloc                     - Undefined Weak Reference
    _terminateio                              - Undefined Weak Reference
    __Vectors_End                            0x000000c0   Data           0  startup_mkl25z4.o(RESET)
    __Vectors_Size                           0x000000c0   Number         0  startup_mkl25z4.o ABSOLUTE
    __main                                   0x000000c1   Thumb Code     8  __main.o(!!!main)
    __scatterload                            0x000000c9   Thumb Code     0  __scatter.o(!!!scatter)
    __scatterload_rt2                        0x000000c9   Thumb Code    52  __scatter.o(!!!scatter)
    __scatterload_rt2_thumb_only             0x000000c9   Thumb Code     0  __scatter.o(!!!scatter)
    __scatterload_null                       0x000000d9   Thumb Code     0  __scatter.o(!!!scatter)
    __scatterload_copy                       0x00000105   Thumb Code    26  __scatter_copy.o(!!handler_copy)
    __scatterload_zeroinit                   0x00000121   Thumb Code    28  __scatter_zi.o(!!handler_zi)
    _printf_percent                          0x0000013d   Thumb Code     0  _printf_percent.o(.ARM.Collect$$_printf_percent$$00000000)
    _printf_f                                0x0000013f   Thumb Code     0  _printf_f.o(.ARM.Collect$$_printf_percent$$00000003)
    _printf_s                                0x00000149   Thumb Code     0  _printf_s.o(.ARM.Collect$$_printf_percent$$00000014)
    _printf_percent_end                      0x00000153   Thumb Code     0  _printf_percent_end.o(.ARM.Collect$$_printf_percent$$00000017)
    __rt_lib_init                            0x00000157   Thumb Code     0  libinit.o(.ARM.Collect$$libinit$$00000000)
    __rt_lib_init_fp_1                       0x00000159   Thumb Code     0  libinit2.o(.ARM.Collect$$libinit$$00000002)
    __rt_lib_init_heap_1                     0x00000159   Thumb Code     0  libinit2.o(.ARM.Collect$$libinit$$0000000A)
    __rt_lib_init_lc_common                  0x00000159   Thumb Code     0  libinit2.o(.ARM.Collect$$libinit$$0000000F)
    __rt_lib_init_preinit_1                  0x00000159   Thumb Code     0  libinit2.o(.ARM.Collect$$libinit$$00000004)
    __rt_lib_init_rand_1                     0x00000159   Thumb Code     0  libinit2.o(.ARM.Collect$$libinit$$0000000E)
    __rt_lib_init_user_alloc_1               0x00000159   Thumb Code     0  libinit2.o(.ARM.Collect$$libinit$$0000000C)
    __rt_lib_init_lc_collate_1               0x0000015f   Thumb Code     0  libinit2.o(.ARM.Collect$$libinit$$00000011)
    __rt_lib_init_lc_ctype_2                 0x0000015f   Thumb Code     0  libinit2.o(.ARM.Collect$$libinit$$00000012)
    __rt_lib_init_lc_ctype_1                 0x0000016b   Thumb Code     0  libinit2.o(.ARM.Collect$$libinit$$00000013)
    __rt_lib_init_lc_monetary_1              0x0000016b   Thumb Code     0  libinit2.o(.ARM.Collect$$libinit$$00000015)
    __rt_lib_init_lc_numeric_2               0x0000016b   Thumb Code     0  libinit2.o(.ARM.Collect$$libinit$$00000016)
    __rt_lib_init_alloca_1                   0x00000175   Thumb Code     0  libinit2.o(.ARM.Collect$$libinit$$0000002E)
    __rt_lib_init_argv_1                     0x00000175   Thumb Code     0  libinit2.o(.ARM.Collect$$libinit$$0000002C)
    __rt_lib_init_atexit_1                   0x00000175   Thumb Code     0  libinit2.o(.ARM.Collect$$libinit$$0000001B)
    __rt_lib_init_clock_1                    0x00000175   Thumb Code     0  libinit2.o(.ARM.Collect$$libinit$$00000021)
    __rt_lib_init_cpp_1                      0x00000175   Thumb Code     0  libinit2.o(.ARM.Collect$$libinit$$00000032)
    __rt_lib_init_exceptions_1               0x00000175   Thumb Code     0  libinit2.o(.ARM.Collect$$libinit$$00000030)
    __rt_lib_init_fp_trap_1                  0x00000175   Thumb Code     0  libinit2.o(.ARM.Collect$$libinit$$0000001F)
    __rt_lib_init_getenv_1                   0x00000175   Thumb Code     0  libinit2.o(.ARM.Collect$$libinit$$00000023)
    __rt_lib_init_lc_numeric_1               0x00000175   Thumb Code     0  libinit2.o(.ARM.Collect$$libinit$$00000017)
    __rt_lib_init_lc_time_1                  0x00000175   Thumb Code     0  libinit2.o(.ARM.Collect$$libinit$$00000019)
    __rt_lib_init_return                     0x00000175   Thumb Code     0  libinit2.o(.ARM.Collect$$libinit$$00000033)
    __rt_lib_init_signal_1                   0x00000175   Thumb Code     0  libinit2.o(.ARM.Collect$$libinit$$0000001D)
    __rt_lib_init_stdio_1                    0x00000175   Thumb Code     0  libinit2.o(.ARM.Collect$$libinit$$00000025)
    __rt_lib_shutdown                        0x00000177   Thumb Code     0  libshutdown.o(.ARM.Collect$$libshutdown$$00000000)
    __rt_lib_shutdown_cpp_1                  0x00000179   Thumb Code     0  libshutdown2.o(.ARM.Collect$$libshutdown$$00000002)
    __rt_lib_shutdown_fp_trap_1              0x00000179   Thumb Code     0  libshutdown2.o(.ARM.Collect$$libshutdown$$00000007)
    __rt_lib_shutdown_heap_1                 0x00000179   Thumb Code     0  libshutdown2.o(.ARM.Collect$$libshutdown$$0000000F)
    __rt_lib_shutdown_return                 0x00000179   Thumb Code     0  libshutdown2.o(.ARM.Collect$$libshutdown$$00000010)
    __rt_lib_shutdown_signal_1               0x00000179   Thumb Code     0  libshutdown2.o(.ARM.Collect$$libshutdown$$0000000A)
    __rt_lib_shutdown_stdio_1                0x00000179   Thumb Code     0  libshutdown2.o(.ARM.Collect$$libshutdown$$00000004)
    __rt_lib_shutdown_user_alloc_1           0x00000179   Thumb Code     0  libshutdown2.o(.ARM.Collect$$libshutdown$$0000000C)
    __rt_entry                               0x0000017b   Thumb Code     0  __rtentry.o(.ARM.Collect$$rtentry$$00000000)
    __rt_entry_presh_1                       0x0000017b   Thumb Code     0  __rtentry2.o(.ARM.Collect$$rtentry$$00000002)
    __rt_entry_sh                            0x0000017b   Thumb Code     0  __rtentry4.o(.ARM.Collect$$rtentry$$00000004)
    __rt_entry_li                            0x00000181   Thumb Code     0  __rtentry2.o(.ARM.Collect$$rtentry$$0000000A)
    __rt_entry_postsh_1                      0x00000181   Thumb Code     0  __rtentry2.o(.ARM.Collect$$rtentry$$00000009)
    __rt_entry_main                          0x00000185   Thumb Code     0  __rtentry2.o(.ARM.Collect$$rtentry$$0000000D)
    __rt_entry_postli_1                      0x00000185   Thumb Code     0  __rtentry2.o(.ARM.Collect$$rtentry$$0000000C)
    __rt_exit                                0x0000018d   Thumb Code     0  rtexit.o(.ARM.Collect$$rtexit$$00000000)
    __rt_exit_ls                             0x0000018f   Thumb Code     0  rtexit2.o(.ARM.Collect$$rtexit$$00000003)
    __rt_exit_prels_1                        0x0000018f   Thumb Code     0  rtexit2.o(.ARM.Collect$$rtexit$$00000002)
    __rt_exit_exit                           0x00000193   Thumb Code     0  rtexit2.o(.ARM.Collect$$rtexit$$00000004)
    Reset_Handler                            0x00000199   Thumb Code    12  startup_mkl25z4.o(.text)
    NMI_Handler                              0x000001a5   Thumb Code     2  startup_mkl25z4.o(.text)
    HardFault_Handler                        0x000001a7   Thumb Code     2  startup_mkl25z4.o(.text)
    SVC_Handler                              0x000001a9   Thumb Code     2  startup_mkl25z4.o(.text)
    PendSV_Handler                           0x000001ab   Thumb Code     2  startup_mkl25z4.o(.text)
    SysTick_Handler                          0x000001ad   Thumb Code     2  startup_mkl25z4.o(.text)
    ADC0_IRQHandler                          0x000001af   Thumb Code     0  startup_mkl25z4.o(.text)
    CMP0_IRQHandler                          0x000001af   Thumb Code     0  startup_mkl25z4.o(.text)
    DAC0_IRQHandler                          0x000001af   Thumb Code     0  startup_mkl25z4.o(.text)
    DMA0_IRQHandler                          0x000001af   Thumb Code     0  startup_mkl25z4.o(.text)
    DMA1_IRQHandler                          0x000001af   Thumb Code     0  startup_mkl25z4.o(.text)
    DMA2_IRQHandler                          0x000001af   Thumb Code     0  startup_mkl25z4.o(.text)
    DMA3_IRQHandler                          0x000001af   Thumb Code     0  startup_mkl25z4.o(.text)
    DefaultISR                               0x000001af   Thumb Code     0  startup_mkl25z4.o(.text)
    FTFA_IRQHandler                          0x000001af   Thumb Code     0  startup_mkl25z4.o(.text)
    I2C0_IRQHandler                          0x000001af   Thumb Code     0  startup_mkl25z4.o(.text)
    I2C1_IRQHandler                          0x000001af   Thumb Code     0  startup_mkl25z4.o(.text)
    LLWU_IRQHandler                          0x000001af   Thumb Code     0  startup_mkl25z4.o(.text)
    LPTMR0_IRQHandler                        0x000001af   Thumb Code     0  startup_mkl25z4.o(.text)
    LVD_LVW_IRQHandler                       0x000001af   Thumb Code     0  startup_mkl25z4.o(.text)
    MCG_IRQHandler                           0x000001af   Thumb Code     0  startup_mkl25z4.o(.text)
    PORTA_IRQHandler                         0x000001af   Thumb Code     0  startup_mkl25z4.o(.text)
    PORTD_IRQHandler                         0x000001af   Thumb Code     0  startup_mkl25z4.o(.text)
    RTC_IRQHandler                           0x000001af   Thumb Code     0  startup_mkl25z4.o(.text)
    RTC_Seconds_IRQHandler                   0x000001af   Thumb Code     0  startup_mkl25z4.o(.text)
    Reserved20_IRQHandler                    0x000001af   Thumb Code     0  startup_mkl25z4.o(.text)
    Reserved39_IRQHandler                    0x000001af   Thumb Code     0  startup_mkl25z4.o(.text)
    Reserved45_IRQHandler                    0x000001af   Thumb Code     0  startup_mkl25z4.o(.text)
    SPI0_IRQHandler                          0x000001af   Thumb Code     0  startup_mkl25z4.o(.text)
    SPI1_IRQHandler                          0x000001af   Thumb Code     0  startup_mkl25z4.o(.text)
    TPM0_IRQHandler                          0x000001af   Thumb Code     0  startup_mkl25z4.o(.text)
    TPM1_IRQHandler                          0x000001af   Thumb Code     0  startup_mkl25z4.o(.text)
    TPM2_IRQHandler                          0x000001af   Thumb Code     0  startup_mkl25z4.o(.text)
    TSI0_IRQHandler                          0x000001af   Thumb Code     0  startup_mkl25z4.o(.text)
    UART1_IRQHandler                         0x000001af   Thumb Code     0  startup_mkl25z4.o(.text)
    UART2_IRQHandler                         0x000001af   Thumb Code     0  startup_mkl25z4.o(.text)
    USB0_IRQHandler                          0x000001af   Thumb Code     0  startup_mkl25z4.o(.text)
    __user_initial_stackheap                 0x000001b5   Thumb Code     0  startup_mkl25z4.o(.text)
    __2printf                                0x000001d9   Thumb Code    22  noretval__2printf.o(.text)
    _printf_str                              0x000001f5   Thumb Code    82  _printf_str.o(.text)
    __printf                                 0x00000247   Thumb Code   270  __printf_wp.o(.text)
    __0scanf                                 0x00000355   Thumb Code    28  __0scanf.o(.text)
    __use_two_region_memory                  0x00000375   Thumb Code     2  heapauxi.o(.text)
    __rt_heap_escrow$2region                 0x00000377   Thumb Code     2  heapauxi.o(.text)
    __rt_heap_expand$2region                 0x00000379   Thumb Code     2  heapauxi.o(.text)
    __aeabi_d2uiz                            0x0000037d   Thumb Code     0  dfixui.o(.text)
    _dfixu                                   0x0000037d   Thumb Code    68  dfixui.o(.text)
    __read_errno                             0x000003c5   Thumb Code    10  _rserrno.o(.text)
    __set_errno                              0x000003cf   Thumb Code    12  _rserrno.o(.text)
    __vfscanf_char_file                      0x000003dd   Thumb Code    20  scanf_char_file.o(.text)
    __rt_locale                              0x000003f9   Thumb Code     8  rt_locale_intlibspace.o(.text)
    strcmp                                   0x00000411   Thumb Code   160  strcmpv6m.o(.text)
    __aeabi_uidiv                            0x000004b1   Thumb Code     0  aeabi_sdivfast.o(.text)
    __aeabi_uidivmod                         0x000004b1   Thumb Code    28  aeabi_sdivfast.o(.text)
    __aeabi_idiv                             0x000004cd   Thumb Code     0  aeabi_sdivfast.o(.text)
    __aeabi_idivmod                          0x000004cd   Thumb Code   460  aeabi_sdivfast.o(.text)
    __aeabi_ddiv                             0x00000699   Thumb Code     0  ddiv.o(.text)
    _ddiv                                    0x00000699   Thumb Code  1072  ddiv.o(.text)
    _drdiv                                   0x00000ac9   Thumb Code    20  ddiv.o(.text)
    __aeabi_i2d_normalise                    0x00000ae1   Thumb Code    66  dflti.o(.text)
    __aeabi_i2d                              0x00000b23   Thumb Code    16  dflti.o(.text)
    _dflt                                    0x00000b23   Thumb Code     0  dflti.o(.text)
    __aeabi_ui2d                             0x00000b33   Thumb Code     6  dflti.o(.text)
    _dfltu                                   0x00000b33   Thumb Code     0  dflti.o(.text)
    __aeabi_f2d                              0x00000b39   Thumb Code     0  f2d.o(.text)
    _f2d                                     0x00000b39   Thumb Code    80  f2d.o(.text)
    __aeabi_fdiv                             0x00000b8d   Thumb Code     0  fdiv.o(.text)
    _fdiv                                    0x00000b8d   Thumb Code   334  fdiv.o(.text)
    _frdiv                                   0x00000cdb   Thumb Code     8  fdiv.o(.text)
    __ARM_scalbnf                            0x00000ced   Thumb Code    64  fscalbn.o(.text)
    __lib_sel_fp_printf                      0x00000d31   Thumb Code     2  _printf_fp_dec.o(.text)
    _printf_fp_dec_real                      0x00000ecf   Thumb Code   620  _printf_fp_dec.o(.text)
    _printf_cs_common                        0x00001149   Thumb Code    22  _printf_char.o(.text)
    _printf_char                             0x0000115f   Thumb Code    16  _printf_char.o(.text)
    _printf_string                           0x0000116f   Thumb Code     8  _printf_char.o(.text)
    _printf_char_file                        0x00001179   Thumb Code    34  _printf_char_file.o(.text)
    _scanf_really_real                       0x000013fb   Thumb Code   710  scanf_fp.o(.text)
    __rt_udiv10                              0x000016c1   Thumb Code    40  rtudiv10.o(.text)
    __fpl_fcmp_InfNaN                        0x000016e9   Thumb Code    96  fcmpin.o(.text)
    __aeabi_f2iz                             0x0000174d   Thumb Code     0  ffixi.o(.text)
    _ffix                                    0x0000174d   Thumb Code    76  ffixi.o(.text)
    _frnd                                    0x00001799   Thumb Code   122  frnd.o(.text)
    __aeabi_errno_addr                       0x00001819   Thumb Code     8  rt_errno_addr_intlibspace.o(.text)
    __errno$intlibspace                      0x00001819   Thumb Code     0  rt_errno_addr_intlibspace.o(.text)
    __rt_errno_addr$intlibspace              0x00001819   Thumb Code     0  rt_errno_addr_intlibspace.o(.text)
    __aeabi_lmul                             0x00001821   Thumb Code    48  llmul.o(.text)
    _ll_mul                                  0x00001821   Thumb Code     0  llmul.o(.text)
    _ll_udiv10                               0x00001851   Thumb Code   122  lludiv10.o(.text)
    _printf_char_common                      0x000018d7   Thumb Code    32  _printf_char_common.o(.text)
    _printf_fp_infnan                        0x000018fd   Thumb Code   120  _printf_fp_infnan.o(.text)
    __vfscanf_char                           0x00001991   Thumb Code    28  scanf_char.o(.text)
    _btod_etento                             0x000019b5   Thumb Code   210  bigflt0.o(.text)
    _btod_d2e                                0x00001a8d   Thumb Code    64  btod.o(.text)
    _btod_emul                               0x00001ec1   Thumb Code    28  btod.o(.text)
    _btod_emuld                              0x00001edd   Thumb Code   144  btod.o(.text)
    _btod_ediv                               0x00001f6d   Thumb Code    26  btod.o(.text)
    _btod_edivd                              0x00001f87   Thumb Code   124  btod.o(.text)
    ___backspace$unlocked                    0x0000200d   Thumb Code     2  backspace.o(.text)
    __backspace                              0x0000200f   Thumb Code    68  backspace.o(.text)
    ferror                                   0x00002059   Thumb Code     8  ferror.o(.text)
    __fpl_cmpreturn                          0x00002061   Thumb Code    46  cmpret.o(.text)
    __aeabi_i2f_normalise                    0x0000208f   Thumb Code    72  fflti.o(.text)
    __aeabi_i2f                              0x000020d7   Thumb Code    16  fflti.o(.text)
    _fflt                                    0x000020d7   Thumb Code     0  fflti.o(.text)
    __aeabi_ui2f                             0x000020e7   Thumb Code     6  fflti.o(.text)
    _ffltu                                   0x000020e7   Thumb Code     0  fflti.o(.text)
    __fpl_fcheck_NaN2                        0x000020ed   Thumb Code    10  fnan2.o(.text)
    _fsqrt                                   0x000020fd   Thumb Code   140  fsqrt.o(.text)
    __user_libspace                          0x0000218d   Thumb Code     8  libspace.o(.text)
    __user_perproc_libspace                  0x0000218d   Thumb Code     0  libspace.o(.text)
    __user_perthread_libspace                0x0000218d   Thumb Code     0  libspace.o(.text)
    __user_setup_stackheap                   0x00002195   Thumb Code    62  sys_stackheap_outer.o(.text)
    isspace                                  0x000021d3   Thumb Code    18  isspace.o(.text)
    __vfscanf                                0x000021e5   Thumb Code   880  _scanf.o(.text)
    _scanf_really_hex_real                   0x00002565   Thumb Code   806  scanf_hexfp.o(.text)
    _scanf_really_infnan                     0x00002899   Thumb Code   300  scanf_infnan.o(.text)
    _ungetc_internal                         0x000029d5   Thumb Code    62  ungetc.o(.text)
    ungetc                                   0x000029d5   Thumb Code     0  ungetc.o(.text)
    exit                                     0x00002a21   Thumb Code    16  exit.o(.text)
    __aeabi_d2f                              0x00002a31   Thumb Code     0  d2f.o(.text)
    _d2f                                     0x00002a31   Thumb Code   120  d2f.o(.text)
    __fpl_return_NaN                         0x00002aad   Thumb Code    94  retnan.o(.text)
    __rt_ctype_table                         0x00002b0d   Thumb Code    16  rt_ctype_table.o(.text)
    __aeabi_llsl                             0x00002b1d   Thumb Code    32  llshl.o(.text)
    _ll_shift_l                              0x00002b1d   Thumb Code     0  llshl.o(.text)
    _chval                                   0x00002b3d   Thumb Code    30  _chval.o(.text)
    __fpl_dcmp_InfNaN                        0x00002b5d   Thumb Code   140  dcmpin.o(.text)
    __ARM_scalbn                             0x00002bed   Thumb Code    84  dscalbn.o(.text)
    _sys_exit                                0x00002c4d   Thumb Code     8  sys_exit.o(.text)
    __fpl_dcheck_NaN2                        0x00002c59   Thumb Code    14  dnan2.o(.text)
    __I$use$semihosting                      0x00002c6d   Thumb Code     0  use_no_semi.o(.text)
    __use_no_semihosting_swi                 0x00002c6d   Thumb Code     2  use_no_semi.o(.text)
    __semihosting_library_function           0x00002c6f   Thumb Code     0  indicate_semi.o(.text)
    Approx_Crosstrack_Error                  0x00002c71   Thumb Code   344  optimization_additions.o(i.Approx_Crosstrack_Error)
    Calc_Bearing                             0x00002de5   Thumb Code    84  geometry.o(i.Calc_Bearing)
    Calc_Crosstrack_Error                    0x00002e3d   Thumb Code   148  geometry.o(i.Calc_Crosstrack_Error)
    Control_RGB_LEDs                         0x00002edd   Thumb Code    52  leds.o(i.Control_RGB_LEDs)
    Find_Waypoint_Nearest_To_Track           0x00002f19   Thumb Code   182  geometry.o(i.Find_Waypoint_Nearest_To_Track)
    Init_RGB_LEDs                            0x00002fed   Thumb Code    82  leds.o(i.Init_RGB_LEDs)
    Init_UART0                               0x00003055   Thumb Code   146  uart.o(i.Init_UART0)
    Is_Point_Behind                          0x000030fd   Thumb Code    48  optimization_additions.o(i.Is_Point_Behind)
    PIT_IRQHandler                           0x00003139   Thumb Code    48  pit.o(i.PIT_IRQHandler)
    Process_Profile_Sample                   0x00003171   Thumb Code    94  profile.o(i.Process_Profile_Sample)
    Q_Dequeue                                0x000031e1   Thumb Code    58  queue.o(i.Q_Dequeue)
    Q_Empty                                  0x0000321b   Thumb Code    14  queue.o(i.Q_Empty)
    Q_Enqueue                                0x00003229   Thumb Code    48  queue.o(i.Q_Enqueue)
    Q_Full                                   0x00003259   Thumb Code    16  queue.o(i.Q_Full)
    SystemInit                               0x00003269   Thumb Code   184  system_mkl25z4.o(i.SystemInit)
    UART0_IRQHandler                         0x00003351   Thumb Code    88  uart.o(i.UART0_IRQHandler)
    __ARM_common_ll_muluu                    0x000033b5   Thumb Code    48  btod.o(i.__ARM_common_ll_muluu)
    __ARM_common_memcpy4_10                  0x000033e5   Thumb Code    14  geometry.o(i.__ARM_common_memcpy4_10)
    __ARM_fpclassify                         0x000033f5   Thumb Code    40  fpclassify.o(i.__ARM_fpclassify)
    __ARM_fpclassifyf                        0x00003421   Thumb Code    34  fpclassifyf.o(i.__ARM_fpclassifyf)
    __mathlib_dbl_overflow                   0x00003445   Thumb Code    16  dunder.o(i.__mathlib_dbl_overflow)
    __mathlib_dbl_underflow                  0x00003459   Thumb Code    14  dunder.o(i.__mathlib_dbl_underflow)
    __mathlib_flt_infnan                     0x0000346d   Thumb Code    10  funder.o(i.__mathlib_flt_infnan)
    __mathlib_flt_infnan2                    0x00003477   Thumb Code     8  funder.o(i.__mathlib_flt_infnan2)
    __mathlib_flt_invalid                    0x0000347f   Thumb Code    12  funder.o(i.__mathlib_flt_invalid)
    __mathlib_flt_underflow                  0x0000348b   Thumb Code    14  funder.o(i.__mathlib_flt_underflow)
    __mathlib_narrow                         0x00003499   Thumb Code    16  narrow.o(i.__mathlib_narrow)
    __mathlib_rredf2                         0x000034a9   Thumb Code   366  rredf.o(i.__mathlib_rredf2)
    __mathlib_tofloat                        0x00003629   Thumb Code   190  narrow.o(i.__mathlib_tofloat)
    __support_ldexp                          0x000036f1   Thumb Code    20  ldexp.o(i.__support_ldexp)
    _is_digit                                0x00003705   Thumb Code    14  __printf_wp.o(i._is_digit)
    acosf                                    0x00003715   Thumb Code   228  acosf.o(i.acosf)
    asinf                                    0x00003821   Thumb Code   242  asinf.o(i.asinf)
    atan2f                                   0x00003939   Thumb Code   526  atan2f.o(i.atan2f)
    cosf                                     0x00003b95   Thumb Code   318  cosf.o(i.cosf)
    fgetc                                    0x00003d0d   Thumb Code    12  uart.o(i.fgetc)
    fputc                                    0x00003d1d   Thumb Code    18  uart.o(i.fputc)
    frexp                                    0x00003d35   Thumb Code    72  frexp.o(i.frexp)
    ldexp                                    0x00003d8d   Thumb Code   112  ldexp.o(i.ldexp)
    main                                     0x00003dfd   Thumb Code   400  main.o(i.main)
    sinf                                     0x00004111   Thumb Code   330  sinf.o(i.sinf)
    sinf_approx                              0x00004295   Thumb Code    64  optimization_additions.o(i.sinf_approx)
    sqrtf                                    0x000042dd   Thumb Code    44  sqrtf.o(i.sqrtf)
    _get_lc_numeric                          0x00004309   Thumb Code    44  lc_numeric_c.o(locale$$code)
    _get_lc_ctype                            0x00004335   Thumb Code    44  lc_ctype_c.o(locale$$code)
    __aeabi_cdcmpeq                          0x00004361   Thumb Code     0  deqf.o(x$fpl$deqf)
    _dcmpeq                                  0x00004361   Thumb Code    94  deqf.o(x$fpl$deqf)
    __aeabi_cdrcmple                         0x000043c5   Thumb Code     0  drlef.o(x$fpl$drleqf)
    _drcmple                                 0x000043c5   Thumb Code   100  drlef.o(x$fpl$drleqf)
    __aeabi_fadd                             0x0000442d   Thumb Code     0  faddsub.o(x$fpl$fadd)
    _fadd                                    0x0000442d   Thumb Code   134  faddsub.o(x$fpl$fadd)
    __aeabi_cfcmple                          0x000044b9   Thumb Code     0  flef.o(x$fpl$fleqf)
    _fcmple                                  0x000044b9   Thumb Code    78  flef.o(x$fpl$fleqf)
    __aeabi_fmul                             0x0000450d   Thumb Code     0  fmul.o(x$fpl$fmul)
    _fmul                                    0x0000450d   Thumb Code   172  fmul.o(x$fpl$fmul)
    __aeabi_frsub                            0x000045bd   Thumb Code     0  faddsub.o(x$fpl$frsb)
    _frsb                                    0x000045bd   Thumb Code    24  faddsub.o(x$fpl$frsb)
    __aeabi_fsub                             0x000045d5   Thumb Code     0  faddsub.o(x$fpl$fsub)
    _fsub                                    0x000045d5   Thumb Code   204  faddsub.o(x$fpl$fsub)
    _printf_fp_dec                           0x000046a5   Thumb Code    16  printf1.o(x$fpl$printf1)
    _scanf_real                              0x000046b5   Thumb Code    16  scanf1.o(x$fpl$scanf1)
    _scanf_hex_real                          0x000046c5   Thumb Code    16  scanf2.o(x$fpl$scanf2)
    _scanf_infnan                            0x000046d5   Thumb Code    16  scanf2.o(x$fpl$scanf2)
    __I$use$fp                               0x000046e4   Number         0  usenofp.o(x$fpl$usenofp)
    waypoints                                0x000046e4   Data        6600  cman_coords2.o(.constdata)
    RegionTable                              0x000060ac   Data        4672  region.o(.constdata)
    NumProfileRegions                        0x000072ec   Data           4  region.o(.constdata)
    Region$$Table$$Base                      0x00007464   Number         0  anon$$obj.o(Region$$Table)
    Region$$Table$$Limit                     0x00007484   Number         0  anon$$obj.o(Region$$Table)
    __aeabi_HUGE_VAL                         0x00007484   Data           0  fpconst.o(c$$dinf)
    __aeabi_HUGE_VALL                        0x00007484   Data           0  fpconst.o(c$$dinf)
    __aeabi_INFINITY                         0x00007484   Data           0  fpconst.o(c$$dinf)
    __dInf                                   0x00007484   Data           0  fpconst.o(c$$dinf)
    __huge_val                               0x00007484   Data           0  fpconst.o(c$$dinf)
    __dbl_max                                0x0000748c   Data           0  fpconst.o(c$$dmax)
    __ctype                                  0x000074bd   Data           0  lc_ctype_c.o(locale$$data)
    __stdout                                 0x1ffff000   Data           4  uart.o(.data)
    __stdin                                  0x1ffff004   Data           4  uart.o(.data)
    profiling_enabled                        0x1ffff008   Data           1  profile.o(.data)
    adx_lost                                 0x1ffff00c   Data           4  profile.o(.data)
    num_lost                                 0x1ffff010   Data           4  profile.o(.data)
    profile_samples                          0x1ffff014   Data           4  profile.o(.data)
    PC_val                                   0x1ffff018   Data           4  profile.o(.data)
    TxQ                                      0x1ffff01c   Data         268  uart.o(.bss)
    RxQ                                      0x1ffff128   Data         268  uart.o(.bss)
    RegionCount                              0x1ffff234   Data         584  region.o(.bss)
    __libspace_start                         0x1ffff47c   Data          96  libspace.o(.bss)
    __temporary_stack_top$libspace           0x1ffff4dc   Data           0  libspace.o(.bss)



==============================================================================

Memory Map of the image

  Image Entry point : 0x000000c1

  Load Region LR_IROM1 (Base: 0x00000000, Size: 0x000075dc, Max: 0x00020000, ABSOLUTE)

    Execution Region ER_IROM1 (Exec base: 0x00000000, Load base: 0x00000000, Size: 0x000075c0, Max: 0x00020000, ABSOLUTE)

    Exec Addr    Load Addr    Size         Type   Attr      Idx    E Section Name        Object

    0x00000000   0x00000000   0x000000c0   Data   RO          498    RESET               startup_mkl25z4.o
    0x000000c0   0x000000c0   0x00000008   Code   RO          606  * !!!main             c_p.l(__main.o)
    0x000000c8   0x000000c8   0x0000003c   Code   RO         1032    !!!scatter          c_p.l(__scatter.o)
    0x00000104   0x00000104   0x0000001a   Code   RO         1034    !!handler_copy      c_p.l(__scatter_copy.o)
    0x0000011e   0x0000011e   0x00000002   PAD
    0x00000120   0x00000120   0x0000001c   Code   RO         1036    !!handler_zi        c_p.l(__scatter_zi.o)
    0x0000013c   0x0000013c   0x00000002   Code   RO          595    .ARM.Collect$$_printf_percent$$00000000  c_p.l(_printf_percent.o)
    0x0000013e   0x0000013e   0x0000000a   Code   RO          594    .ARM.Collect$$_printf_percent$$00000003  c_p.l(_printf_f.o)
    0x00000148   0x00000148   0x0000000a   Code   RO          591    .ARM.Collect$$_printf_percent$$00000014  c_p.l(_printf_s.o)
    0x00000152   0x00000152   0x00000004   Code   RO          691    .ARM.Collect$$_printf_percent$$00000017  c_p.l(_printf_percent_end.o)
    0x00000156   0x00000156   0x00000002   Code   RO          847    .ARM.Collect$$libinit$$00000000  c_p.l(libinit.o)
    0x00000158   0x00000158   0x00000000   Code   RO          849    .ARM.Collect$$libinit$$00000002  c_p.l(libinit2.o)
    0x00000158   0x00000158   0x00000000   Code   RO          851    .ARM.Collect$$libinit$$00000004  c_p.l(libinit2.o)
    0x00000158   0x00000158   0x00000000   Code   RO          854    .ARM.Collect$$libinit$$0000000A  c_p.l(libinit2.o)
    0x00000158   0x00000158   0x00000000   Code   RO          856    .ARM.Collect$$libinit$$0000000C  c_p.l(libinit2.o)
    0x00000158   0x00000158   0x00000000   Code   RO          858    .ARM.Collect$$libinit$$0000000E  c_p.l(libinit2.o)
    0x00000158   0x00000158   0x00000006   Code   RO          859    .ARM.Collect$$libinit$$0000000F  c_p.l(libinit2.o)
    0x0000015e   0x0000015e   0x00000000   Code   RO          861    .ARM.Collect$$libinit$$00000011  c_p.l(libinit2.o)
    0x0000015e   0x0000015e   0x0000000c   Code   RO          862    .ARM.Collect$$libinit$$00000012  c_p.l(libinit2.o)
    0x0000016a   0x0000016a   0x00000000   Code   RO          863    .ARM.Collect$$libinit$$00000013  c_p.l(libinit2.o)
    0x0000016a   0x0000016a   0x00000000   Code   RO          865    .ARM.Collect$$libinit$$00000015  c_p.l(libinit2.o)
    0x0000016a   0x0000016a   0x0000000a   Code   RO          866    .ARM.Collect$$libinit$$00000016  c_p.l(libinit2.o)
    0x00000174   0x00000174   0x00000000   Code   RO          867    .ARM.Collect$$libinit$$00000017  c_p.l(libinit2.o)
    0x00000174   0x00000174   0x00000000   Code   RO          869    .ARM.Collect$$libinit$$00000019  c_p.l(libinit2.o)
    0x00000174   0x00000174   0x00000000   Code   RO          871    .ARM.Collect$$libinit$$0000001B  c_p.l(libinit2.o)
    0x00000174   0x00000174   0x00000000   Code   RO          873    .ARM.Collect$$libinit$$0000001D  c_p.l(libinit2.o)
    0x00000174   0x00000174   0x00000000   Code   RO          875    .ARM.Collect$$libinit$$0000001F  c_p.l(libinit2.o)
    0x00000174   0x00000174   0x00000000   Code   RO          877    .ARM.Collect$$libinit$$00000021  c_p.l(libinit2.o)
    0x00000174   0x00000174   0x00000000   Code   RO          879    .ARM.Collect$$libinit$$00000023  c_p.l(libinit2.o)
    0x00000174   0x00000174   0x00000000   Code   RO          881    .ARM.Collect$$libinit$$00000025  c_p.l(libinit2.o)
    0x00000174   0x00000174   0x00000000   Code   RO          885    .ARM.Collect$$libinit$$0000002C  c_p.l(libinit2.o)
    0x00000174   0x00000174   0x00000000   Code   RO          887    .ARM.Collect$$libinit$$0000002E  c_p.l(libinit2.o)
    0x00000174   0x00000174   0x00000000   Code   RO          889    .ARM.Collect$$libinit$$00000030  c_p.l(libinit2.o)
    0x00000174   0x00000174   0x00000000   Code   RO          891    .ARM.Collect$$libinit$$00000032  c_p.l(libinit2.o)
    0x00000174   0x00000174   0x00000002   Code   RO          892    .ARM.Collect$$libinit$$00000033  c_p.l(libinit2.o)
    0x00000176   0x00000176   0x00000002   Code   RO          994    .ARM.Collect$$libshutdown$$00000000  c_p.l(libshutdown.o)
    0x00000178   0x00000178   0x00000000   Code   RO         1016    .ARM.Collect$$libshutdown$$00000002  c_p.l(libshutdown2.o)
    0x00000178   0x00000178   0x00000000   Code   RO         1018    .ARM.Collect$$libshutdown$$00000004  c_p.l(libshutdown2.o)
    0x00000178   0x00000178   0x00000000   Code   RO         1021    .ARM.Collect$$libshutdown$$00000007  c_p.l(libshutdown2.o)
    0x00000178   0x00000178   0x00000000   Code   RO         1024    .ARM.Collect$$libshutdown$$0000000A  c_p.l(libshutdown2.o)
    0x00000178   0x00000178   0x00000000   Code   RO         1026    .ARM.Collect$$libshutdown$$0000000C  c_p.l(libshutdown2.o)
    0x00000178   0x00000178   0x00000000   Code   RO         1029    .ARM.Collect$$libshutdown$$0000000F  c_p.l(libshutdown2.o)
    0x00000178   0x00000178   0x00000002   Code   RO         1030    .ARM.Collect$$libshutdown$$00000010  c_p.l(libshutdown2.o)
    0x0000017a   0x0000017a   0x00000000   Code   RO          676    .ARM.Collect$$rtentry$$00000000  c_p.l(__rtentry.o)
    0x0000017a   0x0000017a   0x00000000   Code   RO          735    .ARM.Collect$$rtentry$$00000002  c_p.l(__rtentry2.o)
    0x0000017a   0x0000017a   0x00000006   Code   RO          747    .ARM.Collect$$rtentry$$00000004  c_p.l(__rtentry4.o)
    0x00000180   0x00000180   0x00000000   Code   RO          737    .ARM.Collect$$rtentry$$00000009  c_p.l(__rtentry2.o)
    0x00000180   0x00000180   0x00000004   Code   RO          738    .ARM.Collect$$rtentry$$0000000A  c_p.l(__rtentry2.o)
    0x00000184   0x00000184   0x00000000   Code   RO          740    .ARM.Collect$$rtentry$$0000000C  c_p.l(__rtentry2.o)
    0x00000184   0x00000184   0x00000008   Code   RO          741    .ARM.Collect$$rtentry$$0000000D  c_p.l(__rtentry2.o)
    0x0000018c   0x0000018c   0x00000002   Code   RO          906    .ARM.Collect$$rtexit$$00000000  c_p.l(rtexit.o)
    0x0000018e   0x0000018e   0x00000000   Code   RO          943    .ARM.Collect$$rtexit$$00000002  c_p.l(rtexit2.o)
    0x0000018e   0x0000018e   0x00000004   Code   RO          944    .ARM.Collect$$rtexit$$00000003  c_p.l(rtexit2.o)
    0x00000192   0x00000192   0x00000006   Code   RO          945    .ARM.Collect$$rtexit$$00000004  c_p.l(rtexit2.o)
    0x00000198   0x00000198   0x00000040   Code   RO          500    .text               startup_mkl25z4.o
    0x000001d8   0x000001d8   0x0000001c   Code   RO          542    .text               c_p.l(noretval__2printf.o)
    0x000001f4   0x000001f4   0x00000052   Code   RO          546    .text               c_p.l(_printf_str.o)
    0x00000246   0x00000246   0x0000010e   Code   RO          579    .text               c_p.l(__printf_wp.o)
    0x00000354   0x00000354   0x00000020   Code   RO          596    .text               c_p.l(__0scanf.o)
    0x00000374   0x00000374   0x00000006   Code   RO          604    .text               c_p.l(heapauxi.o)
    0x0000037a   0x0000037a   0x00000002   PAD
    0x0000037c   0x0000037c   0x00000048   Code   RO          611    .text               fz_ps.l(dfixui.o)
    0x000003c4   0x000003c4   0x00000016   Code   RO          681    .text               c_p.l(_rserrno.o)
    0x000003da   0x000003da   0x00000002   PAD
    0x000003dc   0x000003dc   0x0000001c   Code   RO          694    .text               c_p.l(scanf_char_file.o)
    0x000003f8   0x000003f8   0x00000008   Code   RO          754    .text               c_p.l(rt_locale_intlibspace.o)
    0x00000400   0x00000400   0x00000010   Code   RO          499    .ARM.__at_0x400     startup_mkl25z4.o
    0x00000410   0x00000410   0x000000a0   Code   RO          598    .text               c_p.l(strcmpv6m.o)
    0x000004b0   0x000004b0   0x000001e8   Code   RO          600    .text               c_p.l(aeabi_sdivfast.o)
    0x00000698   0x00000698   0x00000448   Code   RO          608    .text               fz_ps.l(ddiv.o)
    0x00000ae0   0x00000ae0   0x00000058   Code   RO          613    .text               fz_ps.l(dflti.o)
    0x00000b38   0x00000b38   0x00000054   Code   RO          615    .text               fz_ps.l(f2d.o)
    0x00000b8c   0x00000b8c   0x00000160   Code   RO          623    .text               fz_ps.l(fdiv.o)
    0x00000cec   0x00000cec   0x00000044   Code   RO          630    .text               fz_ps.l(fscalbn.o)
    0x00000d30   0x00000d30   0x00000418   Code   RO          685    .text               c_p.l(_printf_fp_dec.o)
    0x00001148   0x00001148   0x0000002e   Code   RO          687    .text               c_p.l(_printf_char.o)
    0x00001176   0x00001176   0x00000002   PAD
    0x00001178   0x00001178   0x00000028   Code   RO          689    .text               c_p.l(_printf_char_file.o)
    0x000011a0   0x000011a0   0x00000520   Code   RO          692    .text               c_p.l(scanf_fp.o)
    0x000016c0   0x000016c0   0x00000028   Code   RO          696    .text               c_p.l(rtudiv10.o)
    0x000016e8   0x000016e8   0x00000064   Code   RO          698    .text               fz_ps.l(fcmpin.o)
    0x0000174c   0x0000174c   0x0000004c   Code   RO          700    .text               fz_ps.l(ffixi.o)
    0x00001798   0x00001798   0x00000080   Code   RO          702    .text               fz_ps.l(frnd.o)
    0x00001818   0x00001818   0x00000008   Code   RO          759    .text               c_p.l(rt_errno_addr_intlibspace.o)
    0x00001820   0x00001820   0x00000030   Code   RO          761    .text               c_p.l(llmul.o)
    0x00001850   0x00001850   0x0000007a   Code   RO          763    .text               c_p.l(lludiv10.o)
    0x000018ca   0x000018ca   0x00000002   PAD
    0x000018cc   0x000018cc   0x00000030   Code   RO          765    .text               c_p.l(_printf_char_common.o)
    0x000018fc   0x000018fc   0x00000088   Code   RO          767    .text               c_p.l(_printf_fp_infnan.o)
    0x00001984   0x00001984   0x00000030   Code   RO          769    .text               c_p.l(scanf_char.o)
    0x000019b4   0x000019b4   0x000000d8   Code   RO          771    .text               c_p.l(bigflt0.o)
    0x00001a8c   0x00001a8c   0x00000580   Code   RO          774    .text               c_p.l(btod.o)
    0x0000200c   0x0000200c   0x0000004c   Code   RO          779    .text               c_p.l(backspace.o)
    0x00002058   0x00002058   0x00000008   Code   RO          781    .text               c_p.l(ferror.o)
    0x00002060   0x00002060   0x0000002e   Code   RO          790    .text               fz_ps.l(cmpret.o)
    0x0000208e   0x0000208e   0x0000005e   Code   RO          792    .text               fz_ps.l(fflti.o)
    0x000020ec   0x000020ec   0x00000010   Code   RO          794    .text               fz_ps.l(fnan2.o)
    0x000020fc   0x000020fc   0x00000090   Code   RO          800    .text               fz_ps.l(fsqrt.o)
    0x0000218c   0x0000218c   0x00000008   Code   RO          818    .text               c_p.l(libspace.o)
    0x00002194   0x00002194   0x0000003e   Code   RO          821    .text               c_p.l(sys_stackheap_outer.o)
    0x000021d2   0x000021d2   0x00000012   Code   RO          824    .text               c_p.l(isspace.o)
    0x000021e4   0x000021e4   0x00000380   Code   RO          828    .text               c_p.l(_scanf.o)
    0x00002564   0x00002564   0x00000334   Code   RO          830    .text               c_p.l(scanf_hexfp.o)
    0x00002898   0x00002898   0x0000013c   Code   RO          832    .text               c_p.l(scanf_infnan.o)
    0x000029d4   0x000029d4   0x0000004c   Code   RO          834    .text               c_p.l(ungetc.o)
    0x00002a20   0x00002a20   0x00000010   Code   RO          836    .text               c_p.l(exit.o)
    0x00002a30   0x00002a30   0x0000007c   Code   RO          893    .text               fz_ps.l(d2f.o)
    0x00002aac   0x00002aac   0x0000005e   Code   RO          899    .text               fz_ps.l(retnan.o)
    0x00002b0a   0x00002b0a   0x00000002   PAD
    0x00002b0c   0x00002b0c   0x00000010   Code   RO          908    .text               c_p.l(rt_ctype_table.o)
    0x00002b1c   0x00002b1c   0x00000020   Code   RO          912    .text               c_p.l(llshl.o)
    0x00002b3c   0x00002b3c   0x0000001e   Code   RO          914    .text               c_p.l(_chval.o)
    0x00002b5a   0x00002b5a   0x00000002   PAD
    0x00002b5c   0x00002b5c   0x00000090   Code   RO          922    .text               fz_ps.l(dcmpin.o)
    0x00002bec   0x00002bec   0x00000060   Code   RO          924    .text               fz_ps.l(dscalbn.o)
    0x00002c4c   0x00002c4c   0x0000000c   Code   RO          940    .text               c_p.l(sys_exit.o)
    0x00002c58   0x00002c58   0x00000014   Code   RO          960    .text               fz_ps.l(dnan2.o)
    0x00002c6c   0x00002c6c   0x00000002   Code   RO          981    .text               c_p.l(use_no_semi.o)
    0x00002c6e   0x00002c6e   0x00000000   Code   RO          983    .text               c_p.l(indicate_semi.o)
    0x00002c6e   0x00002c6e   0x00000002   PAD
    0x00002c70   0x00002c70   0x00000174   Code   RO          330    i.Approx_Crosstrack_Error  optimization_additions.o
    0x00002de4   0x00002de4   0x00000058   Code   RO          266    i.Calc_Bearing      geometry.o
    0x00002e3c   0x00002e3c   0x000000a0   Code   RO          267    i.Calc_Crosstrack_Error  geometry.o
    0x00002edc   0x00002edc   0x0000003c   Code   RO           45    i.Control_RGB_LEDs  leds.o
    0x00002f18   0x00002f18   0x000000d4   Code   RO          270    i.Find_Waypoint_Nearest_To_Track  geometry.o
    0x00002fec   0x00002fec   0x00000068   Code   RO           46    i.Init_RGB_LEDs     leds.o
    0x00003054   0x00003054   0x000000a8   Code   RO          174    i.Init_UART0        uart.o
    0x000030fc   0x000030fc   0x0000003c   Code   RO          332    i.Is_Point_Behind   optimization_additions.o
    0x00003138   0x00003138   0x00000038   Code   RO          375    i.PIT_IRQHandler    pit.o
    0x00003170   0x00003170   0x00000070   Code   RO          430    i.Process_Profile_Sample  profile.o
    0x000031e0   0x000031e0   0x0000003a   Code   RO          115    i.Q_Dequeue         queue.o
    0x0000321a   0x0000321a   0x0000000e   Code   RO          116    i.Q_Empty           queue.o
    0x00003228   0x00003228   0x00000030   Code   RO          117    i.Q_Enqueue         queue.o
    0x00003258   0x00003258   0x00000010   Code   RO          118    i.Q_Full            queue.o
    0x00003268   0x00003268   0x000000e8   Code   RO          509    i.SystemInit        system_mkl25z4.o
    0x00003350   0x00003350   0x00000064   Code   RO          178    i.UART0_IRQHandler  uart.o
    0x000033b4   0x000033b4   0x00000030   Code   RO          777    i.__ARM_common_ll_muluu  c_p.l(btod.o)
    0x000033e4   0x000033e4   0x0000000e   Code   RO          297    i.__ARM_common_memcpy4_10  geometry.o
    0x000033f2   0x000033f2   0x00000002   PAD
    0x000033f4   0x000033f4   0x0000002c   Code   RO          810    i.__ARM_fpclassify  m_ps.l(fpclassify.o)
    0x00003420   0x00003420   0x00000022   Code   RO          705    i.__ARM_fpclassifyf  m_ps.l(fpclassifyf.o)
    0x00003442   0x00003442   0x00000002   PAD
    0x00003444   0x00003444   0x00000014   Code   RO          966    i.__mathlib_dbl_overflow  m_ps.l(dunder.o)
    0x00003458   0x00003458   0x00000014   Code   RO          968    i.__mathlib_dbl_underflow  m_ps.l(dunder.o)
    0x0000346c   0x0000346c   0x0000000a   Code   RO          708    i.__mathlib_flt_infnan  m_ps.l(funder.o)
    0x00003476   0x00003476   0x00000008   Code   RO          709    i.__mathlib_flt_infnan2  m_ps.l(funder.o)
    0x0000347e   0x0000347e   0x0000000c   Code   RO          710    i.__mathlib_flt_invalid  m_ps.l(funder.o)
    0x0000348a   0x0000348a   0x0000000e   Code   RO          713    i.__mathlib_flt_underflow  m_ps.l(funder.o)
    0x00003498   0x00003498   0x00000010   Code   RO          812    i.__mathlib_narrow  m_ps.l(narrow.o)
    0x000034a8   0x000034a8   0x00000180   Code   RO          721    i.__mathlib_rredf2  m_ps.l(rredf.o)
    0x00003628   0x00003628   0x000000c8   Code   RO          813    i.__mathlib_tofloat  m_ps.l(narrow.o)
    0x000036f0   0x000036f0   0x00000014   Code   RO          929    i.__support_ldexp   m_ps.l(ldexp.o)
    0x00003704   0x00003704   0x0000000e   Code   RO          581    i._is_digit         c_p.l(__printf_wp.o)
    0x00003712   0x00003712   0x00000002   PAD
    0x00003714   0x00003714   0x0000010c   Code   RO          637    i.acosf             m_ps.l(acosf.o)
    0x00003820   0x00003820   0x00000118   Code   RO          645    i.asinf             m_ps.l(asinf.o)
    0x00003938   0x00003938   0x0000025c   Code   RO          653    i.atan2f            m_ps.l(atan2f.o)
    0x00003b94   0x00003b94   0x00000178   Code   RO          661    i.cosf              m_ps.l(cosf.o)
    0x00003d0c   0x00003d0c   0x00000010   Code   RO          181    i.fgetc             uart.o
    0x00003d1c   0x00003d1c   0x00000018   Code   RO          182    i.fputc             uart.o
    0x00003d34   0x00003d34   0x00000058   Code   RO          902    i.frexp             m_ps.l(frexp.o)
    0x00003d8c   0x00003d8c   0x00000070   Code   RO          930    i.ldexp             m_ps.l(ldexp.o)
    0x00003dfc   0x00003dfc   0x00000314   Code   RO           77    i.main              main.o
    0x00004110   0x00004110   0x00000184   Code   RO          669    i.sinf              m_ps.l(sinf.o)
    0x00004294   0x00004294   0x00000048   Code   RO          335    i.sinf_approx       optimization_additions.o
    0x000042dc   0x000042dc   0x0000002c   Code   RO          727    i.sqrtf             m_ps.l(sqrtf.o)
    0x00004308   0x00004308   0x0000002c   Code   RO          788    locale$$code        c_p.l(lc_numeric_c.o)
    0x00004334   0x00004334   0x0000002c   Code   RO          950    locale$$code        c_p.l(lc_ctype_c.o)
    0x00004360   0x00004360   0x00000064   Code   RO          895    x$fpl$deqf          fz_ps.l(deqf.o)
    0x000043c4   0x000043c4   0x00000068   Code   RO          897    x$fpl$drleqf        fz_ps.l(drlef.o)
    0x0000442c   0x0000442c   0x0000008c   Code   RO          617    x$fpl$fadd          fz_ps.l(faddsub.o)
    0x000044b8   0x000044b8   0x00000054   Code   RO          626    x$fpl$fleqf         fz_ps.l(flef.o)
    0x0000450c   0x0000450c   0x000000b0   Code   RO          628    x$fpl$fmul          fz_ps.l(fmul.o)
    0x000045bc   0x000045bc   0x00000018   Code   RO          618    x$fpl$frsb          fz_ps.l(faddsub.o)
    0x000045d4   0x000045d4   0x000000d0   Code   RO          619    x$fpl$fsub          fz_ps.l(faddsub.o)
    0x000046a4   0x000046a4   0x00000010   Code   RO          632    x$fpl$printf1       fz_ps.l(printf1.o)
    0x000046b4   0x000046b4   0x00000010   Code   RO          634    x$fpl$scanf1        fz_ps.l(scanf1.o)
    0x000046c4   0x000046c4   0x00000020   Code   RO          804    x$fpl$scanf2        fz_ps.l(scanf2.o)
    0x000046e4   0x000046e4   0x00000000   Code   RO          704    x$fpl$usenofp       fz_ps.l(usenofp.o)
    0x000046e4   0x000046e4   0x000019c8   Data   RO          317    .constdata          cman_coords2.o
    0x000060ac   0x000060ac   0x00001240   Data   RO          483    .constdata          region.o
    0x000072ec   0x000072ec   0x00000004   Data   RO          484    .constdata          region.o
    0x000072f0   0x000072f0   0x00000080   Data   RO          609    .constdata          fz_ps.l(ddiv.o)
    0x00007370   0x00007370   0x00000040   Data   RO          624    .constdata          fz_ps.l(fdiv.o)
    0x000073b0   0x000073b0   0x00000020   Data   RO          722    .constdata          m_ps.l(rredf.o)
    0x000073d0   0x000073d0   0x00000094   Data   RO          772    .constdata          c_p.l(bigflt0.o)
    0x00007464   0x00007464   0x00000020   Data   RO         1031    Region$$Table       anon$$obj.o
    0x00007484   0x00007484   0x00000008   Data   RO          796    c$$dinf             fz_ps.l(fpconst.o)
    0x0000748c   0x0000748c   0x00000008   Data   RO          799    c$$dmax             fz_ps.l(fpconst.o)
    0x00007494   0x00007494   0x0000001c   Data   RO          787    locale$$data        c_p.l(lc_numeric_c.o)
    0x000074b0   0x000074b0   0x00000110   Data   RO          949    locale$$data        c_p.l(lc_ctype_c.o)


    Execution Region RW_IRAM1 (Exec base: 0x1ffff000, Load base: 0x000075c0, Size: 0x000008e0, Max: 0x00004000, ABSOLUTE)

    Exec Addr    Load Addr    Size         Type   Attr      Idx    E Section Name        Object

    0x1ffff000   0x000075c0   0x00000004   Data   RW          184    .data               uart.o
    0x1ffff004   0x000075c4   0x00000004   Data   RW          185    .data               uart.o
    0x1ffff008   0x000075c8   0x00000014   Data   RW          433    .data               profile.o
    0x1ffff01c        -       0x00000218   Zero   RW          183    .bss                uart.o
    0x1ffff234        -       0x00000248   Zero   RW          481    .bss                region.o
    0x1ffff47c        -       0x00000060   Zero   RW          819    .bss                c_p.l(libspace.o)
    0x1ffff4dc   0x000075dc   0x00000004   PAD
    0x1ffff4e0        -       0x00000000   Zero   RW          497    HEAP                startup_mkl25z4.o
    0x1ffff4e0        -       0x00000400   Zero   RW          496    STACK               startup_mkl25z4.o


==============================================================================

Image component sizes


      Code (inc. data)   RO Data    RW Data    ZI Data      Debug   Object Name

         0          0       6600          0          0       1096   cman_coords2.o
         0          0          0          0          0       4532   delay.o
       474         46          0          0          0       2964   geometry.o
       164         30          0          0          0       1055   leds.o
       788        388          0          0          0       2411   main.o
       504         48          0          0          0       3093   optimization_additions.o
        56          8          0          0          0        445   pit.o
       112         18          0         20          0       1074   profile.o
       136          0          0          0          0       4581   queue.o
         0          0       4676          0        584        994   region.o
        80         44        192          0       1024        864   startup_mkl25z4.o
       232         48          0          0          0        565   system_mkl25z4.o
       308         44          0          8        536       3748   uart.o

    ----------------------------------------------------------------------
      2856        674      11500         28       2144      27422   Object Totals
         0          0         32          0          0          0   (incl. Generated)
         2          0          0          0          0          0   (incl. Padding)

    ----------------------------------------------------------------------

      Code (inc. data)   RO Data    RW Data    ZI Data      Debug   Library Member Name

        32          4          0          0          0         84   __0scanf.o
         8          0          0          0          0         68   __main.o
       284          0          0          0          0        136   __printf_wp.o
         0          0          0          0          0          0   __rtentry.o
        12          0          0          0          0          0   __rtentry2.o
         6          0          0          0          0          0   __rtentry4.o
        60          8          0          0          0          0   __scatter.o
        26          0          0          0          0          0   __scatter_copy.o
        28          0          0          0          0          0   __scatter_zi.o
        30          0          0          0          0         60   _chval.o
        46          0          0          0          0        100   _printf_char.o
        48          6          0          0          0         88   _printf_char_common.o
        40          6          0          0          0         72   _printf_char_file.o
        10          0          0          0          0          0   _printf_f.o
      1048         14          0          0          0        176   _printf_fp_dec.o
       136         16          0          0          0         76   _printf_fp_infnan.o
         2          0          0          0          0          0   _printf_percent.o
         4          0          0          0          0          0   _printf_percent_end.o
        10          0          0          0          0          0   _printf_s.o
        82          0          0          0          0         72   _printf_str.o
        22          0          0          0          0         92   _rserrno.o
       896         16          0          0          0         84   _scanf.o
       488          0          0          0          0         92   aeabi_sdivfast.o
        76          6          0          0          0         84   backspace.o
       216          6        148          0          0         80   bigflt0.o
      1456         30          0          0          0        336   btod.o
        16          0          0          0          0         68   exit.o
         8          0          0          0          0         60   ferror.o
         6          0          0          0          0        136   heapauxi.o
         0          0          0          0          0          0   indicate_semi.o
        18          0          0          0          0         68   isspace.o
        44         10        272          0          0         76   lc_ctype_c.o
        44         10         28          0          0         76   lc_numeric_c.o
         2          0          0          0          0          0   libinit.o
        30          0          0          0          0          0   libinit2.o
         2          0          0          0          0          0   libshutdown.o
         2          0          0          0          0          0   libshutdown2.o
         8          4          0          0         96         68   libspace.o
        48          0          0          0          0         72   llmul.o
        32          0          0          0          0         68   llshl.o
       122          0          0          0          0         72   lludiv10.o
        28          6          0          0          0         84   noretval__2printf.o
        16          4          0          0          0         76   rt_ctype_table.o
         8          4          0          0          0         68   rt_errno_addr_intlibspace.o
         8          4          0          0          0         68   rt_locale_intlibspace.o
         2          0          0          0          0          0   rtexit.o
        10          0          0          0          0          0   rtexit2.o
        40          0          0          0          0         60   rtudiv10.o
        48          8          0          0          0         84   scanf_char.o
        28          8          0          0          0         68   scanf_char_file.o
      1312         24          0          0          0        124   scanf_fp.o
       820         14          0          0          0         84   scanf_hexfp.o
       316         16          0          0          0         84   scanf_infnan.o
       160          4          0          0          0         80   strcmpv6m.o
        12          4          0          0          0         60   sys_exit.o
        62          0          0          0          0         80   sys_stackheap_outer.o
        76         14          0          0          0         60   ungetc.o
         2          0          0          0          0         68   use_no_semi.o
        46          0          0          0          0         60   cmpret.o
       124          4          0          0          0         72   d2f.o
       144          4          0          0          0         76   dcmpin.o
      1096         26        128          0          0        112   ddiv.o
       100          4          0          0          0         92   deqf.o
        72          4          0          0          0         68   dfixui.o
        88          0          0          0          0         92   dflti.o
        20          6          0          0          0         68   dnan2.o
       104          4          0          0          0        104   drlef.o
        96         12          0          0          0         72   dscalbn.o
        84          4          0          0          0         60   f2d.o
       372          8          0          0          0        240   faddsub.o
       100          4          0          0          0         68   fcmpin.o
       352         10         64          0          0         92   fdiv.o
        76          0          0          0          0         68   ffixi.o
        94          0          0          0          0         92   fflti.o
        84          4          0          0          0         76   flef.o
       176          4          0          0          0         80   fmul.o
        16          6          0          0          0         68   fnan2.o
         0          0         16          0          0          0   fpconst.o
       128          6          0          0          0         68   frnd.o
        68          4          0          0          0         68   fscalbn.o
       144          4          0          0          0         72   fsqrt.o
        16          4          0          0          0         76   printf1.o
        94          0          0          0          0         68   retnan.o
        16          4          0          0          0         76   scanf1.o
        32          8          0          0          0        100   scanf2.o
         0          0          0          0          0          0   usenofp.o
       268         40          0          0          0         76   acosf.o
       280         38          0          0          0         76   asinf.o
       604         78          0          0          0        120   atan2f.o
       376         58          0          0          0        104   cosf.o
        40         10          0          0          0        136   dunder.o
        44          4          0          0          0         60   fpclassify.o
        34          0          0          0          0         60   fpclassifyf.o
        88         16          0          0          0         72   frexp.o
        44          0          0          0          0        272   funder.o
       132          0          0          0          0        140   ldexp.o
       216         10          0          0          0        144   narrow.o
       384         18         32          0          0         88   rredf.o
       388         58          0          0          0        104   sinf.o
        44          0          0          0          0         72   sqrtf.o

    ----------------------------------------------------------------------
     15100        710        688          0        100       7324   Library Totals
        20          0          0          0          4          0   (incl. Padding)

    ----------------------------------------------------------------------

      Code (inc. data)   RO Data    RW Data    ZI Data      Debug   Library Name

      8396        246        448          0         96       3612   c_p.l
      3742        134        208          0          0       2188   fz_ps.l
      2942        330         32          0          0       1524   m_ps.l

    ----------------------------------------------------------------------
     15100        710        688          0        100       7324   Library Totals

    ----------------------------------------------------------------------

==============================================================================


      Code (inc. data)   RO Data    RW Data    ZI Data      Debug   

     17956       1384      12188         28       2244      30030   Grand Totals
     17956       1384      12188         28       2244      30030   ELF Image Totals
     17956       1384      12188         28          0          0   ROM Totals

==============================================================================

    Total RO  Size (Code + RO Data)                30144 (  29.44kB)
    Total RW  Size (RW Data + ZI Data)              2272 (   2.22kB)
    Total ROM Size (Code + RO Data + RW Data)      30172 (  29.46kB)

==============================================================================

